// Jest Snapshot v1, https://goo.gl/fbAQLP

exports[`test UserLocControl component renders without crashing 1`] = `
<styled.div
  className="UserLocControl"
>
  <styled.button
    onClick={[Function]}
    type="button"
  >
    <styled.span
      className="icon-near_me"
    />
  </styled.button>
</styled.div>
`;
